# Bottleneck-Weighted vs Market-Cap Composite — Monthly Divergence
# Flagged: |monthly average divergence pct| >= 5.0%
# Negative = bottleneck-weighted UNDERPERFORMS mcap composite
# Positive = bottleneck-weighted OUTPERFORMS mcap composite

month     avg_div_pct  n_days  flagged
------------------------------------------
2021-05       -3.598%     16     
2021-06       -3.683%     22     
2021-07       -3.416%     21     
2021-08       -3.313%     22     
2021-09       -2.920%     21     
2021-10       -3.156%     21     
2021-11       -2.942%     21     
2021-12       -2.893%     22     
2022-01       -2.854%     20     
2022-02       -2.621%     19     
2022-03       -2.396%     23     
2022-04       -2.418%     20     
2022-05       -2.375%     21     
2022-06       -2.085%     21     
2022-07       -2.255%     20     
2022-08       -2.121%     23     
2022-09       -1.629%     21     
2022-10       -1.444%     21     
2022-11       -1.472%     21     
2022-12       -1.071%     21     
2023-01       -1.475%     20     
2023-02       -1.335%     19     
2023-03       -1.292%     23     
2023-04       -1.493%     19     
2023-05       -1.108%     22     
2023-06       -1.351%     21     
2023-07       -1.644%     20     
2023-08       -1.568%     23     
2023-09       -1.740%     20     
2023-10       -1.755%     22     
2023-11       -1.603%     21     
2023-12       -1.681%     20     
2024-01       -1.730%     21     
2024-02       -0.811%     20     
2024-03       -0.503%     20     
2024-04       -0.381%     22     
2024-05       -0.473%     22     
2024-06       -0.244%     19     
2024-07       -0.201%     22     
2024-08       +0.475%     22     
2024-09       +0.627%     20     
2024-10       +0.474%     23     
2024-11       +0.088%     20     
2024-12       +0.367%     21     
2025-01       +0.421%     20     
2025-02       +0.177%     19     
2025-03       +0.175%     21     
2025-04       +0.571%     21     
2025-05       +0.588%     21     
2025-06       +0.504%     20     
2025-07       +0.680%     22     
2025-08       +0.537%     21     
2025-09       +0.133%     21     
2025-10       -0.422%     23     
2025-11       -0.636%     19     
2025-12       -1.295%     22     
2026-01       -1.820%     20     
2026-02       -1.722%     19     
2026-03       -1.302%     22     
2026-04       -2.002%     21     
2026-05       -3.572%     20     
2026-06       -3.165%     21     
2026-07       -2.956%     22     
2026-08       -2.926%     21     
2026-09       -3.297%     19     
